To honour the JVM settings for this build a single-use Daemon process will be forked. For more on this, please refer to https://docs.gradle.org/9.1.0/userguide/gradle_daemon.html#sec:disabling_the_daemon in the Gradle documentation.
Daemon will be stopped at the end of the build 
> Task :app:clean
> Task :app:preBuild UP-TO-DATE
> Task :app:preDebugBuild UP-TO-DATE
> Task :app:mergeDebugNativeDebugMetadata NO-SOURCE
> Task :app:generateDebugBuildConfig
> Task :app:generateDebugResources
> Task :app:packageDebugResources
> Task :app:processDebugNavigationResources
> Task :app:generateDebugAssets UP-TO-DATE
> Task :app:javaPreCompileDebug
> Task :app:mergeDebugAssets
> Task :app:compressDebugAssets
> Task :app:desugarDebugFileDependencies
> Task :app:parseDebugLocalResources
> Task :app:checkDebugDuplicateClasses
> Task :app:checkDebugAarMetadata
> Task :app:generateDebugRFile
> Task :app:compileDebugKotlin NO-SOURCE

> Task :app:compileDebugJavaWithJavac
./gradlew : E:\PlateIt\app\src\main\jav
a\com\example\plateit\CookingModeActivi
ty.java:304: error: cannot find symbol
At line:1 char:1
+ ./gradlew clean assembleDebug 
--no-daemon 2>&1 | Out-File -FilePath 
b ...
+ ~~~~~~~~~~~~~~~~~~~~~~~~~~~~~~~~~~~~~
~~~~~~~~~
    + CategoryInfo          : NotSpeci 
   fied: (E:\PlateIt\app\...not find   
  symbol:String) [], RemoteException
    + FullyQualifiedErrorId : NativeCo 
   mmandError
 
        ImageView imgPreview = view.fin
dViewById(R.id.imgRecipePreview);
        ^
  symbol:   class ImageView
  location: class CookingModeActivity
Note: Some input files use or override 
a deprecated API.
Note: Recompile with 
-Xlint:deprecation for details.
1 error

> Task :app:compileDebugJavaWithJavac FAILED
> Task :app:mergeExtDexDebug

[Incubating] Problems report is available at: file:///E:/PlateIt/build/reports/problems/problems-report.html

FAILURE: Build failed with an 
exception.

* What went wrong:
Execution failed for task 
':app:compileDebugJavaWithJavac'.
> Compilation failed; see the compiler 
output below.
  Note: Recompile with 
-Xlint:deprecation for details.
  E:\PlateIt\app\src\main\java\com\exam
ple\plateit\CookingModeActivity.java:30
4: error: cannot find symbol
          ImageView imgPreview = view.f
indViewById(R.id.imgRecipePreview);
          ^
    symbol:   class ImageView
    location: class CookingModeActivity
  Note: Some input files use or 
override a deprecated API.
  1 error

* Try:
> Check your code and dependencies to 
fix the compilation error(s)
> Run with --scan to generate a Build 
Scan (Powered by Develocity).

BUILD FAILED in 26s
15 actionable tasks: 15 executed
